[html.dynamiclayers.net/dl/naven/light/index.html]
[backblue.gif]
[fade.gif]
[index.html]
[html.dynamiclayers.net/dl/naven/light/img/favicon.png]
[html.dynamiclayers.net/dl/naven/light/css/bootstrap.min.css]
[html.dynamiclayers.net/dl/naven/light/css/bootstrap-menu.css]
[html.dynamiclayers.net/dl/naven/light/css/animate.min.css]
[html.dynamiclayers.net/dl/naven/light/css/themify-icons.css]
[html.dynamiclayers.net/dl/naven/light/css/elegant-line-icons.css]
[html.dynamiclayers.net/dl/naven/light/css/venobox/venobox.css]
[html.dynamiclayers.net/dl/naven/light/css/owl.carousel.css]
[html.dynamiclayers.net/dl/naven/light/css/owl.theme.default.min.css]
[html.dynamiclayers.net/dl/naven/light/css/main.css]
[html.dynamiclayers.net/dl/naven/light/img/logo-light.png]
[html.dynamiclayers.net/dl/naven/light/img/about-bg.jpg]
[html.dynamiclayers.net/dl/naven/light/img/port-1.jpg]
[html.dynamiclayers.net/dl/naven/light/img/port-2.jpg]
[html.dynamiclayers.net/dl/naven/light/img/port-3.jpg]
[html.dynamiclayers.net/dl/naven/light/img/port-4.jpg]
[html.dynamiclayers.net/dl/naven/light/img/port-5.jpg]
[html.dynamiclayers.net/dl/naven/light/img/port-6.jpg]
[html.dynamiclayers.net/dl/naven/light/img/testi-1.jpg]
[html.dynamiclayers.net/dl/naven/light/img/testi-2.jpg]
[html.dynamiclayers.net/dl/naven/light/img/testi-3.jpg]
[html.dynamiclayers.net/dl/naven/light/js/vendor/jquery-1.12.4.min.js]
[html.dynamiclayers.net/dl/naven/light/js/vendor/popper.min.js]
[html.dynamiclayers.net/dl/naven/light/js/vendor/bootstrap.min.js]
[html.dynamiclayers.net/dl/naven/light/js/vendor/scrollit.js]
[html.dynamiclayers.net/dl/naven/light/js/vendor/jquery.waypoints.min.js]
[html.dynamiclayers.net/dl/naven/light/js/vendor/imagesloaded.pkgd.min.js]
[html.dynamiclayers.net/dl/naven/light/js/vendor/venobox.min.js]
[html.dynamiclayers.net/dl/naven/light/js/vendor/jquery.isotope.v3.0.2.js]
[html.dynamiclayers.net/dl/naven/light/js/vendor/owl.carousel.min.js]
[html.dynamiclayers.net/dl/naven/light/js/vendor/typed.min.js]
[html.dynamiclayers.net/dl/naven/light/js/vendor/bootstrap-menu.js]
[html.dynamiclayers.net/dl/naven/light/js/vendor/wow.min.js]
[html.dynamiclayers.net/dl/naven/light/js/contact.js]
[html.dynamiclayers.net/dl/naven/light/js/main.js]
[html.dynamiclayers.net/dl/naven/light/index.html]
[html.dynamiclayers.net/dl/naven/light/css/bootstrap.min.css]
[html.dynamiclayers.net/dl/naven/light/css/bootstrap-menu.css]
[html.dynamiclayers.net/dl/naven/light/css/animate.min.css]
[html.dynamiclayers.net/dl/naven/light/fonts/themify9f24.eot]
[html.dynamiclayers.net/dl/naven/light/fonts/themifyd41d.eot]
[html.dynamiclayers.net/dl/naven/light/fonts/themify9f24.woff]
[html.dynamiclayers.net/dl/naven/light/fonts/themify9f24.ttf]
[html.dynamiclayers.net/dl/naven/light/css/themify-icons.css]
[html.dynamiclayers.net/dl/naven/light/fonts/themify9f24.svg]
[html.dynamiclayers.net/dl/naven/light/fonts/et-line.eot]
[html.dynamiclayers.net/dl/naven/light/fonts/et-lined41d.eot]
[html.dynamiclayers.net/dl/naven/light/fonts/et-line.woff]
[html.dynamiclayers.net/dl/naven/light/fonts/et-line.ttf]
[html.dynamiclayers.net/dl/naven/light/css/elegant-line-icons.css]
[html.dynamiclayers.net/dl/naven/light/fonts/et-line.svg]
[html.dynamiclayers.net/dl/naven/light/css/venobox/preload-circle.png]
[html.dynamiclayers.net/dl/naven/light/css/venobox/close.gif]
[html.dynamiclayers.net/dl/naven/light/css/venobox/prev.gif]
[html.dynamiclayers.net/dl/naven/light/css/venobox/next.gif]
[html.dynamiclayers.net/dl/naven/light/css/venobox/venobox.css]
[html.dynamiclayers.net/dl/naven/light/css/owl.video.play.png]
[html.dynamiclayers.net/dl/naven/light/css/owl.carousel.css]
[html.dynamiclayers.net/dl/naven/light/css/owl.theme.default.min.css]
[html.dynamiclayers.net/dl/naven/light/img/hero-bg.jpg]
[html.dynamiclayers.net/dl/naven/light/img/doted-pattern.png]
[html.dynamiclayers.net/dl/naven/light/css/main.css]
[html.dynamiclayers.net/dl/naven/light/js/vendor/jquery-1.12.4.min.js]
[html.dynamiclayers.net/dl/naven/light/js/vendor/popper.min.js]
[html.dynamiclayers.net/dl/naven/light/popper.js]
[html.dynamiclayers.net/dl/naven/light/js/vendor/bootstrap.min.js]
[html.dynamiclayers.net/dl/naven/light/js/vendor/scrollit.js]
[html.dynamiclayers.net/dl/naven/light/js/vendor/jquery.waypoints.min.js]
[html.dynamiclayers.net/dl/naven/light/js/vendor/imagesloaded.pkgd.min.js]
[html.dynamiclayers.net/dl/naven/light/js/vendor/venobox.min.js]
[html.dynamiclayers.net/dl/naven/light/js/vendor/jquery.isotope.v3.0.2.js]
[html.dynamiclayers.net/dl/naven/light/js/vendor/owl.carousel.min.js]
[html.dynamiclayers.net/dl/naven/light/js/vendor/typed.min.js]
[html.dynamiclayers.net/dl/naven/light/js/vendor/bootstrap-menu.js]
[html.dynamiclayers.net/dl/naven/light/js/vendor/wow.min.js]
[html.dynamiclayers.net/dl/naven/light/js/contact.js]
[html.dynamiclayers.net/dl/naven/light/js/main.js]
[html.dynamiclayers.net/dl/naven/light/fonts/themify9f24.svg]
[html.dynamiclayers.net/dl/naven/light/fonts/et-line.svg]
[html.dynamiclayers.net/dl/naven/light/css/owl.video.play.html]
[html.dynamiclayers.net/dl/naven/light/popper.html]
